// Vitest Snapshot v1, https://vitest.dev/guide/snapshot.html

exports[`The App component > renders the app skeleton 1`] = `
<div
  class="App"
>
  <div
    class="ConnectionIndicator ConnectionIndicator--connected"
    title="connected"
  />
  <div
    class="Messages"
  />
  <form
    class="MessageForm"
  >
    <input
      class="MessageInput"
      placeholder="type your message here..."
      value=""
    />
  </form>
</div>
`;
